             788888888889
             4...$!!#...6
             4...%;;&...6
             4..{}..{}..6
             4..[]..[]..6
             4..{}..{}..6
             4..[]..[]..6
             4..{}..{}..6
             4..[]..[]..6
             1222Z..C2223
                 4..6
                 4..6
                 4..6
                 1=23
                 7S888889
                 4.<TH>.6
                 4.<th>.6
                 4.(--).6
                 4......6
                 4......6
                 4......6
                 4......6
                 12Z..C23
                   4..6
                   4..6
    7888888889     4..6
    4........6     4..6
7888Q........E88888Q..6
4.......Ff........**..6
4.......Oo........**..6
4^^CZ........C222222223
4^^64........6
4^^61222222223
4^^6
4^^6
4^^6
Q--E

".": floor, floor
"^": stairs, stairs
"-": front-door, door
"*": floor, floor, flipover
"8": wall, wall
"4": wall, wall, turnleft
"6": wall, wall, turnright
"2": wall, wall, flipdown
"7": wall-corner, wall
"9": wall-corner, wall, flipover
"1": wall-corner, wall, flipdown
"3": wall-corner, wall, flipdown, flipover
"Q": wall-inside-corner, wall
"E": wall-inside-corner, wall, flipover
"Z": wall-inside-corner, wall, flipdown
"C": wall-inside-corner, wall, flipover, flipdown
"F": fountain-corner, fountain
"f": fountain-corner, fountain, flipover
"O": fountain-corner, fountain, flipdown
"o": fountain-corner, fountain, flipover, flipdown
"(": platform-corner, platform
")": platform-corner, platform, flipover
"-": platform-side, platform
"<": platform-side, platform, turnright
">": platform-side, platform, turnleft
"T": throne-upper, throne
"H": throne-upper, throne, flipover
"t": throne-lower, throne
"h": throne-lower, throne, flipover
"[": coffin-lower, coffin
"]": coffin-lower, coffin, flipover
"{": coffin-upper, coffin
"}": coffin-upper, coffin, flipover
"$": sarcophagus-corner, sarcophagus
"#": sarcophagus-corner, sarcophagus, flipover
"%": sarcophagus-corner, sarcophagus, flipdown
"&": sarcophagus-corner, sarcophagus, flipover, flipdown
"!": sarcophagus-side, sarcophagus
";": sarcophagus-side, sarcophagus, flipdown
"S": wall, wall, flipover
"=": secret-door-back, door

floor: lightgrey, slategrey, darkslategrey, black
stairs: lightgrey, darkslategrey
door: white, mediumpurple, indigo, black
wall: palegoldenrod, darkgoldenrod, black, saddlebrown
fountain:
platform:
throne:
coffin:
sarcophagus:

floor
"abc"
aaaaaaaaaaaaaaaa
aaccccccacccccaa
acbbbbbcacccccca
acbbbbbcacccccca
acbbbbacacccccca
acbbbacaaaaaccca
acaaacacccccacca
accccacccccccaaa
aaaaacccccccacca
accccacccccacbca
acccccacccacbbca
accccccaaacbbbca
accccccaccbbbbca
accccccacaaaaaca
aacccccaccccccaa
aaaaaaaaaaaaaaaa

stairs

front-door
"abcd"
daaaaaaaaaaaaaad
daaaaaaaaaaaaaad
daaaaaaaaaaaaaad
dbbbbbbbbbbbbbbd
dbccccccccccccbd
dbccccccccccccbd
dbccccccccccccbd
dbccccccccccccbd
dbccccccccccccbd
dbccccccccccccbd
dbccaaccccaaccbd
dbcabbaccabbacbd
dbabbbbaabbbbabd
dbbbddbbbbddbbbd
dbbddddbbddddbbd
dddddddddddddddd

wall
"abcd"
aaaaaaaaaaaaaaaa
bdcbbbbbbdcbbbbb
ddcbddbdddcbddbd
ddcdddddddcddddd
ddcdddddddcddddd
cccccccccccccccc
bbbbdcbbbbbbdcbb
dddddcdddddddcdd
dddddcdddddddcdd
cccccccccccccccc
bdcbbbbbbdcbbbbb
ddcdddddddcddddd
cccccccccccccccc
dddddcdddddddcdd
cccccccccccccccc

wall-corner
"abcd"
aaaaaaaaaaaaaaaa
abbbbbbbbdcbbbbb
abcccdddddcbddbd
abccccddddcddddd
abdccccdddcddddd
abddcccccccccccc
abdddcccbbbbdcbd
abdddcccdddddcdd
abdddcbdccdddcdd
abbddcbdcccccccc
abdddc6bbbbbbbbb
abdddcdddcccdddd
abbddcbddcbccccc
acccccbddcbdccdd
addddcbddcbdcccc
abdddcbddcbdcdcc

wall-inside-corner
"abcd"
aabddcbddcbdcdccc
aabbdcddddcbdcdcc
bbabdcccccbdccccc
dbbabcbdddbdcdccc
dddbacbddcbdcdccc
cccccbbddccccdccc
dddddbaddcddcdccc
ddddddbadcbdcdccc
dddddcddacbdcdccc
cccccccccdbdcdccc
bdcbbbbbbbadcdccc
ddcddddddddbcdccc
ccccccccccccdbccc
dddddcdddddddbccc
ccccccccccccccccc

fountain-corner

platform-corner

platform-side

throne-upper

throne-lower

coffin-lower

coffin-upper

sarcophagus-corner

sarcophagus-side

secret-door

secret-door-back
